<!DOCTYPE html>
<html lang="en">

<head>
    <meta charset="UTF-8">
    <title>Document</title>
</head>

<body>
    <div class="block block--modifire">
        <div class="block__element block__element--modifire">
            <div class="block-child">
                <div class="block-child__element-1">1</div>
                <div class="block-child__element-2">2</div>
                <div class="block-child__element-3">3</div>
                <div class="something">something</div>
            </div>
        </div>
    </div>
</body>

</html>
