<!DOCTYPE html>
<html lang="en">

<head>
    <meta charset="UTF-8">
    <title>Document</title>
</head>

<body>
    <div class="block
                block---modifire
                block---modifire-2">
        <div class="block___element block___element---modifire">
            <div class="block-child">
                <div class="block-child___element-1">1</div>
                <div class="block-child___element-2">2</div>
                <div class="block-child___element-3">3</div>
                <div class="something">something</div>
            </div>
        </div>
    </div>
    <div class="____blocck">
        <div class="   foo   foo---bar">
            <div class="   ___bar  ---bar"></div>
        </div>
    </div>
    <div class="block
                block---modifire
                block---modifire-2">
        <div class="block___element block___element---modifire">
            <div class="block-child">
                <div class="block-child___element-1">1</div>
                <div class="block-child___element-2">2</div>
                <div class="block-child___element-3">3</div>
                <div class="something">something</div>
            </div>
        </div>
    </div>
</body>

</html>
