<!DOCTYPE html>
<html lang="en">

<head>
    <meta charset="UTF-8">
    <title>Document</title>
</head>

<body>
    <div class="block
                block--modifire
                block--modifire2">
        <div class="block-element block-element--modifire">
            <div class="blockChild">
                <div class="blockChild-element1">1</div>
                <div class="blockChild-element2">2</div>
                <div class="blockChild-element3">3</div>
                <div class="something">something</div>
            </div>
        </div>
    </div>
    <div class="block">
        <div class="    foo   foo--bar">
            <div class="   foo-bar  foo-bar--barbar"></div>
        </div>
    </div>
    <div class="block
                block--modifire
                block--modifire2">
        <div class="block-element block-element--modifire">
            <div class="blockChild">
                <div class="blockChild-element1"></div>
                <div class="blockChild-element2"></div>
                <div class="blockChild-element3"></div>
                <div class="something">something</div>
            </div>
        </div>
    </div>
</body>

</html>
